// Jest Snapshot v1, https://goo.gl/fbAQLP

exports[`Console Comparison Formatter Should compare metrics from two analyses 1`] = `
"| Name        | Report #1 | Report #2 |
| ----------- | --------- | --------- |
| OK metric   | 0         | 0 (0%)    |
| WARN metric | [33m2[39m         | [33m2[39m (100%)  |
| ERR metric  | [31m5[39m         | [31m5[39m (100%)  |"
`;

exports[`Console Comparison Formatter Should output "no results" if a report has no metrics 1`] = `"[33mNo Results[39m"`;
