// Jest Snapshot v1, https://goo.gl/fbAQLP

exports[`Console Formatter Should display even when there are no results 1`] = `
"URL Results:
======
[32mNo results to display[39m

All Requests:
=======
[32mNo results to display[39m"
`;

exports[`Console Formatter Should output results 1`] = `
"URL Results:
======
╔═══╤═════╤════════╗
║   │ Url │ Errors ║
╟───┼─────┼────────╢
║ [32m✔[39m │ [32mok[39m  │        ║
╟───┼─────┼────────╢
║ [31m✖[39m │ [31merr[39m │ [31m- err[39m  ║
╚═══╧═════╧════════╝


All Requests:
=======
╔═══╤════════╗
║   │ Name   ║
╟───┼────────╢
║ [32m✔[39m │ [32mtime[39m   ║
╟───┼────────╢
║ [31m✖[39m │ [31merrors[39m ║
╚═══╧════════╝
"
`;
