// Jest Snapshot v1, https://goo.gl/fbAQLP

exports[`JUnit formatter Should output a listing of results 1`] = `
"<?xml version=\\"1.0\\" encoding=\\"UTF-8\\"?>
<testsuites>
  <testsuite name=\\"EachResults\\" tests=\\"2\\" failures=\\"1\\" errors=\\"0\\" skipped=\\"0\\" time=\\"0\\">
    <testcase classname=\\"ok\\" time=\\"0\\"/>
    <testcase classname=\\"err\\" time=\\"0\\">
      <failure message=\\"err\\"/>
    </testcase>
  </testsuite>
  <testsuite name=\\"AllResults\\" tests=\\"2\\" failures=\\"1\\" errors=\\"0\\" skipped=\\"0\\" time=\\"0\\">
    <testcase classname=\\"time\\" time=\\"0\\"/>
    <testcase classname=\\"errors\\" time=\\"0\\">
      <failure/>
    </testcase>
  </testsuite>
</testsuites>"
`;
